FM_TEST_BEGIN 2026-09-14T20:35:58Z tests/fm-treehouse-root.test.sh family=unclassified expected_gate_skip=none
ok - a home with no root of its own resolves to nothing, so no root is forced anywhere
ok - a marker-bearing secondmate home resolves to its own stable root under $HOME
ok - two secondmate homes leased from one pool are kept apart by their registered ids
ok - two homes occupying one recycled slot path in turn resolve to two different roots
ok - a secondmate id that cannot be one path segment refuses instead of naming another directory
ok - a marker the shared predicate rejects leaves the home on treehouse's own resolution
ok - a worktree belonging to another clone of the same repository is refused, whichever pool handed it over
ok - two homes with their own clone of one repository get two pool directories, and the second can spawn
ok - a project's own treehouse.toml root still wins when the spawning home has none
ok - the installed pool tool answers the root-capability probe the spawn asks it
ok - a spawn records and acquires from its own home's pool root, and forces nothing when the home has none
ok - the root-support probe answers from the pool tool's own help, not from its version
ok - a home with its own pool root refuses a tool that ignores it, naming cause and fix, and records no root
ok - a home with its own pool root names an absent pool tool as missing rather than as too old
ok - a spawn refused over the pool tool leaves no endpoint, so the retry it prescribes runs
ok - a home with its own pool root refuses a slot from outside it, naming both paths and the fix
ok - a home with its own pool root spawns normally into a slot that root holds
ok - a home with no root of its own is unaffected by wherever its worktree comes from
ok - a home that sends no root spawns normally whatever the pool tool supports
ok - a task spawned before the per-home root was recorded still returns against treehouse's own default
ok - a task returns its worktree to the pool root its record names
FM_TEST_END 2026-09-14T20:36:56Z tests/fm-treehouse-root.test.sh exit=0 duration_ms=57573 gate_skip=false
FM_TEST_SUMMARY total=1 failed=0 skipped_gate=0 duration_ms=57692
FM_TEST_SUMMARY_FAMILY family=unclassified count=1 duration_ms=57573 failed=0
FM_TEST_SLOWEST rank=1 script=tests/fm-treehouse-root.test.sh duration_ms=57573
FM_TEST_BEGIN 2026-09-14T20:36:56Z tests/fm-herdr-lab.test.sh family=pure-contract-unit expected_gate_skip=none
ok - fm-herdr-lab: names fail closed and require the lab prefix
ok - fm-herdr-lab: provisioning, scoped calls, guarded teardown, and fleet tripwire are deterministic
ok - fm-herdr-lab: missing tripwire refuses teardown before any Herdr call
ok - fm-herdr-lab: changed default fleet state is a hard failure
ok - fm-herdr-lab: an owned stopped lab can re-provision safely
ok - fm-herdr-lab: failed deletion retains ownership until absence is confirmed
ok - fm-herdr-lab: timed-out provisioning cancels the launch before teardown
ok - fm-herdr-lab: the lab HOME can host a session socket and is not reached through a symlink
FM_TEST_END 2026-09-14T20:37:15Z tests/fm-herdr-lab.test.sh exit=0 duration_ms=19179 gate_skip=false
FM_TEST_SUMMARY total=1 failed=0 skipped_gate=0 duration_ms=19288
FM_TEST_SUMMARY_FAMILY family=pure-contract-unit count=1 duration_ms=19179 failed=0
FM_TEST_SLOWEST rank=1 script=tests/fm-herdr-lab.test.sh duration_ms=19179
